./g++ -pipe -m64 -std=c++14 -pedantic-errors -W -Wall -Wextra -Wpointer-arith -Wunused -Wwrite-strings  -DVERSION=\"0.7.0\" -DBANNER=\"'Copyright Alex Bowe (c) 2016'\" -DK_LEN=32 -DNUM_COLS=64 -O3 -mmmx -msse -msse2 -msse3 -msse4 -msse4.2 -march=native -fno-strict-aliasing -DNDEBUG -o cosmo-build cosmo-build.cpp ./KMC/kmc_api/kmc_file.o ./KMC/kmc_api/kmer_api.o ./KMC/kmc_api/mmer.o -isystem /usr/local/include -L/usr/local/lib -L./ -DBOOST_LOG_DYN_LINK -lboost_log -lboost_system -lboost_filesystem -isystem ./KMC -lsdsl -fopenmp  -lstxxl
In file included from /usr/include/boost/range/size_type.hpp:20:0,
                 from /usr/include/boost/range/size.hpp:21,
                 from /usr/include/boost/range/functions.hpp:20,
                 from /usr/include/boost/range/iterator_range_core.hpp:38,
                 from /usr/include/boost/algorithm/string/replace.hpp:16,
                 from /usr/include/boost/date_time/date_facet.hpp:17,
                 from /usr/include/boost/date_time/gregorian/gregorian_io.hpp:16,
                 from /usr/include/boost/date_time/gregorian/gregorian.hpp:31,
                 from /usr/include/boost/date_time/posix_time/time_formatters.hpp:12,
                 from /usr/include/boost/date_time/posix_time/posix_time.hpp:24,
                 from cosmo-build.cpp:4:
/usr/include/boost/range/concepts.hpp: In instantiation of ‘boost::range_detail::SinglePassIteratorConcept<Iterator>::~SinglePassIteratorConcept() [with Iterator = cosmo::{anonymous}::typed_iterator<boost::tuples::tuple<long unsigned int>, stxxl::vector_bufreader_iterator<stxxl::vector_bufreader<stxxl::const_vector_iterator<boost::tuples::tuple<long unsigned int>, stxxl::RC, long long unsigned int, long long int, 2097152u, stxxl::lru_pager<8u>, 1u> > > >]’:
/usr/include/boost/concept/detail/general.hpp:38:28:   required from ‘static void boost::concepts::requirement<boost::concepts::failed************ Model::************>::failed() [with Model = boost::range_detail::SinglePassIteratorConcept<cosmo::{anonymous}::typed_iterator<boost::tuples::tuple<long unsigned int>, stxxl::vector_bufreader_iterator<stxxl::vector_bufreader<stxxl::const_vector_iterator<boost::tuples::tuple<long unsigned int>, stxxl::RC, long long unsigned int, long long int, 2097152u, stxxl::lru_pager<8u>, 1u> > > > >]’
/usr/include/boost/range/concepts.hpp:276:9:   required from ‘struct boost::SinglePassRangeConcept<const boost::iterator_range<cosmo::{anonymous}::typed_iterator<boost::tuples::tuple<long unsigned int>, stxxl::vector_bufreader_iterator<stxxl::vector_bufreader<stxxl::const_vector_iterator<boost::tuples::tuple<long unsigned int>, stxxl::RC, long long unsigned int, long long int, 2097152u, stxxl::lru_pager<8u>, 1u> > > > > >’
/usr/include/boost/concept/detail/has_constraints.hpp:32:62:   required by substitution of ‘template<class Model> boost::concepts::detail::yes boost::concepts::detail::has_constraints_(Model*, boost::concepts::detail::wrap_constraints<Model, (& Model:: constraints)>*) [with Model = boost::SinglePassRangeConcept<const boost::iterator_range<cosmo::{anonymous}::typed_iterator<boost::tuples::tuple<long unsigned int>, stxxl::vector_bufreader_iterator<stxxl::vector_bufreader<stxxl::const_vector_iterator<boost::tuples::tuple<long unsigned int>, stxxl::RC, long long unsigned int, long long int, 2097152u, stxxl::lru_pager<8u>, 1u> > > > > >]’
/usr/include/boost/concept/detail/has_constraints.hpp:42:5:   required from ‘const bool boost::concepts::not_satisfied<boost::SinglePassRangeConcept<const boost::iterator_range<cosmo::{anonymous}::typed_iterator<boost::tuples::tuple<long unsigned int>, stxxl::vector_bufreader_iterator<stxxl::vector_bufreader<stxxl::const_vector_iterator<boost::tuples::tuple<long unsigned int>, stxxl::RC, long long unsigned int, long long int, 2097152u, stxxl::lru_pager<8u>, 1u> > > > > > >::value’
/usr/include/boost/concept/detail/has_constraints.hpp:45:31:   required from ‘struct boost::concepts::not_satisfied<boost::SinglePassRangeConcept<const boost::iterator_range<cosmo::{anonymous}::typed_iterator<boost::tuples::tuple<long unsigned int>, stxxl::vector_bufreader_iterator<stxxl::vector_bufreader<stxxl::const_vector_iterator<boost::tuples::tuple<long unsigned int>, stxxl::RC, long long unsigned int, long long int, 2097152u, stxxl::lru_pager<8u>, 1u> > > > > > >’
/usr/include/boost/mpl/if.hpp:67:11:   required from ‘struct boost::mpl::if_<boost::concepts::not_satisfied<boost::SinglePassRangeConcept<const boost::iterator_range<cosmo::{anonymous}::typed_iterator<boost::tuples::tuple<long unsigned int>, stxxl::vector_bufreader_iterator<stxxl::vector_bufreader<stxxl::const_vector_iterator<boost::tuples::tuple<long unsigned int>, stxxl::RC, long long unsigned int, long long int, 2097152u, stxxl::lru_pager<8u>, 1u> > > > > > >, boost::concepts::constraint<boost::SinglePassRangeConcept<const boost::iterator_range<cosmo::{anonymous}::typed_iterator<boost::tuples::tuple<long unsigned int>, stxxl::vector_bufreader_iterator<stxxl::vector_bufreader<stxxl::const_vector_iterator<boost::tuples::tuple<long unsigned int>, stxxl::RC, long long unsigned int, long long int, 2097152u, stxxl::lru_pager<8u>, 1u> > > > > > >, boost::concepts::requirement<boost::concepts::failed************ boost::SinglePassRangeConcept<const boost::iterator_range<cosmo::{anonymous}::typed_iterator<boost::tuples::tuple<long unsigned int>, stxxl::vector_bufreader_iterator<stxxl::vector_bufreader<stxxl::const_vector_iterator<boost::tuples::tuple<long unsigned int>, stxxl::RC, long long unsigned int, long long int, 2097152u, stxxl::lru_pager<8u>, 1u> > > > > >::************> >’
/usr/include/boost/concept/detail/general.hpp:50:8:   required from ‘struct boost::concepts::requirement_<void (*)(boost::SinglePassRangeConcept<const boost::iterator_range<cosmo::{anonymous}::typed_iterator<boost::tuples::tuple<long unsigned int>, stxxl::vector_bufreader_iterator<stxxl::vector_bufreader<stxxl::const_vector_iterator<boost::tuples::tuple<long unsigned int>, stxxl::RC, long long unsigned int, long long int, 2097152u, stxxl::lru_pager<8u>, 1u> > > > > >)>’
/usr/include/boost/range/algorithm/equal.hpp:174:13:   required from ‘boost::range_detail::transformed_range<UnaryFunction, const SinglePassRange> boost::range_detail::operator|(const SinglePassRange&, const boost::range_detail::transform_holder<UnaryFunction>&) [with SinglePassRange = boost::iterator_range<cosmo::{anonymous}::typed_iterator<boost::tuples::tuple<long unsigned int>, stxxl::vector_bufreader_iterator<stxxl::vector_bufreader<stxxl::const_vector_iterator<boost::tuples::tuple<long unsigned int>, stxxl::RC, long long unsigned int, long long int, 2097152u, stxxl::lru_pager<8u>, 1u> > > > >; UnaryFunction = cosmo::dbg_builder<t_dbg_t, t_kmer_t, t_payload_t>::build(Visitor1, Visitor2) [with Visitor1 = main(int, char**)::<lambda(size_t)>; Visitor2 = main(int, char**)::<lambda(auto:8)>; t_dbg_t = debruijn_graph_shifted<>; t_kmer_t = long unsigned int; t_payload_t = {}; cosmo::dbg_builder<t_dbg_t, t_kmer_t, t_payload_t>::dbg_t = debruijn_graph_shifted<>]::<lambda(auto:5)>]’
sort.hpp:320:41:   required from ‘cosmo::dbg_builder<t_dbg_t, t_kmer_t, t_payload_t>::dbg_t cosmo::dbg_builder<t_dbg_t, t_kmer_t, t_payload_t>::build(Visitor1, Visitor2) [with Visitor1 = main(int, char**)::<lambda(size_t)>; Visitor2 = main(int, char**)::<lambda(auto:8)>; t_dbg_t = debruijn_graph_shifted<>; t_kmer_t = long unsigned int; t_payload_t = {}; cosmo::dbg_builder<t_dbg_t, t_kmer_t, t_payload_t>::dbg_t = debruijn_graph_shifted<>]’
cosmo-build.cpp:196:10:   required from here
/usr/include/boost/range/concepts.hpp:158:32: error: no matching function for call to ‘cosmo::{anonymous}::typed_iterator<boost::tuples::tuple<long unsigned int>, stxxl::vector_bufreader_iterator<stxxl::vector_bufreader<stxxl::const_vector_iterator<boost::tuples::tuple<long unsigned int>, stxxl::RC, long long unsigned int, long long int, 2097152u, stxxl::lru_pager<8u>, 1u> > > >::typed_iterator(stxxl::vector_bufreader_iterator<stxxl::vector_bufreader<stxxl::const_vector_iterator<boost::tuples::tuple<long unsigned int>, stxxl::RC, long long unsigned int, long long int, 2097152u, stxxl::lru_pager<8u>, 1u> > >&)’
                 Iterator i2(++i);
                                ^
In file included from cosmo-build.cpp:28:0:
sort.hpp:68:8: note: candidate: cosmo::{anonymous}::typed_iterator<boost::tuples::tuple<long unsigned int>, stxxl::vector_bufreader_iterator<stxxl::vector_bufreader<stxxl::const_vector_iterator<boost::tuples::tuple<long unsigned int>, stxxl::RC, long long unsigned int, long long int, 2097152u, stxxl::lru_pager<8u>, 1u> > > >::typed_iterator(const cosmo::{anonymous}::typed_iterator<boost::tuples::tuple<long unsigned int>, stxxl::vector_bufreader_iterator<stxxl::vector_bufreader<stxxl::const_vector_iterator<boost::tuples::tuple<long unsigned int>, stxxl::RC, long long unsigned int, long long int, 2097152u, stxxl::lru_pager<8u>, 1u> > > >&)
 struct typed_iterator : iterator {
        ^
sort.hpp:68:8: note:   no known conversion for argument 1 from ‘stxxl::vector_bufreader_iterator<stxxl::vector_bufreader<stxxl::const_vector_iterator<boost::tuples::tuple<long unsigned int>, stxxl::RC, long long unsigned int, long long int, 2097152u, stxxl::lru_pager<8u>, 1u> > >’ to ‘const cosmo::{anonymous}::typed_iterator<boost::tuples::tuple<long unsigned int>, stxxl::vector_bufreader_iterator<stxxl::vector_bufreader<stxxl::const_vector_iterator<boost::tuples::tuple<long unsigned int>, stxxl::RC, long long unsigned int, long long int, 2097152u, stxxl::lru_pager<8u>, 1u> > > >&’
sort.hpp:68:8: note: candidate: cosmo::{anonymous}::typed_iterator<boost::tuples::tuple<long unsigned int>, stxxl::vector_bufreader_iterator<stxxl::vector_bufreader<stxxl::const_vector_iterator<boost::tuples::tuple<long unsigned int>, stxxl::RC, long long unsigned int, long long int, 2097152u, stxxl::lru_pager<8u>, 1u> > > >::typed_iterator(cosmo::{anonymous}::typed_iterator<boost::tuples::tuple<long unsigned int>, stxxl::vector_bufreader_iterator<stxxl::vector_bufreader<stxxl::const_vector_iterator<boost::tuples::tuple<long unsigned int>, stxxl::RC, long long unsigned int, long long int, 2097152u, stxxl::lru_pager<8u>, 1u> > > >&&)
sort.hpp:68:8: note:   no known conversion for argument 1 from ‘stxxl::vector_bufreader_iterator<stxxl::vector_bufreader<stxxl::const_vector_iterator<boost::tuples::tuple<long unsigned int>, stxxl::RC, long long unsigned int, long long int, 2097152u, stxxl::lru_pager<8u>, 1u> > >’ to ‘cosmo::{anonymous}::typed_iterator<boost::tuples::tuple<long unsigned int>, stxxl::vector_bufreader_iterator<stxxl::vector_bufreader<stxxl::const_vector_iterator<boost::tuples::tuple<long unsigned int>, stxxl::RC, long long unsigned int, long long int, 2097152u, stxxl::lru_pager<8u>, 1u> > > >&&’
In file included from /usr/include/boost/range/size_type.hpp:20:0,
                 from /usr/include/boost/range/size.hpp:21,
                 from /usr/include/boost/range/functions.hpp:20,
                 from /usr/include/boost/range/iterator_range_core.hpp:38,
                 from /usr/include/boost/algorithm/string/replace.hpp:16,
                 from /usr/include/boost/date_time/date_facet.hpp:17,
                 from /usr/include/boost/date_time/gregorian/gregorian_io.hpp:16,
                 from /usr/include/boost/date_time/gregorian/gregorian.hpp:31,
                 from /usr/include/boost/date_time/posix_time/time_formatters.hpp:12,
                 from /usr/include/boost/date_time/posix_time/posix_time.hpp:24,
                 from cosmo-build.cpp:4:
/usr/include/boost/range/concepts.hpp:165:25: error: no ‘operator++(int)’ declared for postfix ‘++’ [-fpermissive]
                 (void)(i++);
                         ^
/usr/include/boost/range/concepts.hpp:167:97: error: binding ‘const value_type {aka const boost::tuples::tuple<long unsigned int>}’ to reference of type ‘std::__iterator_traits<cosmo::{anonymous}::typed_iterator<boost::tuples::tuple<long unsigned int>, stxxl::vector_bufreader_iterator<stxxl::vector_bufreader<stxxl::const_vector_iterator<boost::tuples::tuple<long unsigned int>, stxxl::RC, long long unsigned int, long long int, 2097152u, stxxl::lru_pager<8u>, 1u> > > >, void>::reference {aka boost::tuples::tuple<long unsigned int>&}’ discards qualifiers
                 BOOST_DEDUCED_TYPENAME boost::detail::iterator_traits<Iterator>::reference r1(*i);
                                                                                                 ^
/usr/include/boost/range/concepts.hpp:170:101: error: binding ‘const value_type {aka const boost::tuples::tuple<long unsigned int>}’ to reference of type ‘std::__iterator_traits<cosmo::{anonymous}::typed_iterator<boost::tuples::tuple<long unsigned int>, stxxl::vector_bufreader_iterator<stxxl::vector_bufreader<stxxl::const_vector_iterator<boost::tuples::tuple<long unsigned int>, stxxl::RC, long long unsigned int, long long int, 2097152u, stxxl::lru_pager<8u>, 1u> > > >, void>::reference {aka boost::tuples::tuple<long unsigned int>&}’ discards qualifiers
                 BOOST_DEDUCED_TYPENAME boost::detail::iterator_traits<Iterator>::reference r2(*(++i));
                                                                                                     ^
/usr/include/boost/range/concepts.hpp: In instantiation of ‘boost::range_detail::SinglePassIteratorConcept<Iterator>::~SinglePassIteratorConcept() [with Iterator = cosmo::{anonymous}::typed_iterator<boost::tuples::tuple<long unsigned int, std::bitset<64ul> >, stxxl::vector_bufreader_iterator<stxxl::vector_bufreader<stxxl::const_vector_iterator<boost::tuples::tuple<long unsigned int, std::bitset<64ul> >, stxxl::RC, long long unsigned int, long long int, 2097152u, stxxl::lru_pager<8u>, 1u> > > >]’:
/usr/include/boost/concept/detail/general.hpp:38:28:   required from ‘static void boost::concepts::requirement<boost::concepts::failed************ Model::************>::failed() [with Model = boost::range_detail::SinglePassIteratorConcept<cosmo::{anonymous}::typed_iterator<boost::tuples::tuple<long unsigned int, std::bitset<64ul> >, stxxl::vector_bufreader_iterator<stxxl::vector_bufreader<stxxl::const_vector_iterator<boost::tuples::tuple<long unsigned int, std::bitset<64ul> >, stxxl::RC, long long unsigned int, long long int, 2097152u, stxxl::lru_pager<8u>, 1u> > > > >]’
/usr/include/boost/range/concepts.hpp:276:9:   required from ‘struct boost::SinglePassRangeConcept<const boost::iterator_range<cosmo::{anonymous}::typed_iterator<boost::tuples::tuple<long unsigned int, std::bitset<64ul> >, stxxl::vector_bufreader_iterator<stxxl::vector_bufreader<stxxl::const_vector_iterator<boost::tuples::tuple<long unsigned int, std::bitset<64ul> >, stxxl::RC, long long unsigned int, long long int, 2097152u, stxxl::lru_pager<8u>, 1u> > > > > >’
/usr/include/boost/concept/detail/has_constraints.hpp:32:62:   required by substitution of ‘template<class Model> boost::concepts::detail::yes boost::concepts::detail::has_constraints_(Model*, boost::concepts::detail::wrap_constraints<Model, (& Model:: constraints)>*) [with Model = boost::SinglePassRangeConcept<const boost::iterator_range<cosmo::{anonymous}::typed_iterator<boost::tuples::tuple<long unsigned int, std::bitset<64ul> >, stxxl::vector_bufreader_iterator<stxxl::vector_bufreader<stxxl::const_vector_iterator<boost::tuples::tuple<long unsigned int, std::bitset<64ul> >, stxxl::RC, long long unsigned int, long long int, 2097152u, stxxl::lru_pager<8u>, 1u> > > > > >]’
/usr/include/boost/concept/detail/has_constraints.hpp:42:5:   required from ‘const bool boost::concepts::not_satisfied<boost::SinglePassRangeConcept<const boost::iterator_range<cosmo::{anonymous}::typed_iterator<boost::tuples::tuple<long unsigned int, std::bitset<64ul> >, stxxl::vector_bufreader_iterator<stxxl::vector_bufreader<stxxl::const_vector_iterator<boost::tuples::tuple<long unsigned int, std::bitset<64ul> >, stxxl::RC, long long unsigned int, long long int, 2097152u, stxxl::lru_pager<8u>, 1u> > > > > > >::value’
/usr/include/boost/concept/detail/has_constraints.hpp:45:31:   required from ‘struct boost::concepts::not_satisfied<boost::SinglePassRangeConcept<const boost::iterator_range<cosmo::{anonymous}::typed_iterator<boost::tuples::tuple<long unsigned int, std::bitset<64ul> >, stxxl::vector_bufreader_iterator<stxxl::vector_bufreader<stxxl::const_vector_iterator<boost::tuples::tuple<long unsigned int, std::bitset<64ul> >, stxxl::RC, long long unsigned int, long long int, 2097152u, stxxl::lru_pager<8u>, 1u> > > > > > >’
/usr/include/boost/mpl/if.hpp:67:11:   required from ‘struct boost::mpl::if_<boost::concepts::not_satisfied<boost::SinglePassRangeConcept<const boost::iterator_range<cosmo::{anonymous}::typed_iterator<boost::tuples::tuple<long unsigned int, std::bitset<64ul> >, stxxl::vector_bufreader_iterator<stxxl::vector_bufreader<stxxl::const_vector_iterator<boost::tuples::tuple<long unsigned int, std::bitset<64ul> >, stxxl::RC, long long unsigned int, long long int, 2097152u, stxxl::lru_pager<8u>, 1u> > > > > > >, boost::concepts::constraint<boost::SinglePassRangeConcept<const boost::iterator_range<cosmo::{anonymous}::typed_iterator<boost::tuples::tuple<long unsigned int, std::bitset<64ul> >, stxxl::vector_bufreader_iterator<stxxl::vector_bufreader<stxxl::const_vector_iterator<boost::tuples::tuple<long unsigned int, std::bitset<64ul> >, stxxl::RC, long long unsigned int, long long int, 2097152u, stxxl::lru_pager<8u>, 1u> > > > > > >, boost::concepts::requirement<boost::concepts::failed************ boost::SinglePassRangeConcept<const boost::iterator_range<cosmo::{anonymous}::typed_iterator<boost::tuples::tuple<long unsigned int, std::bitset<64ul> >, stxxl::vector_bufreader_iterator<stxxl::vector_bufreader<stxxl::const_vector_iterator<boost::tuples::tuple<long unsigned int, std::bitset<64ul> >, stxxl::RC, long long unsigned int, long long int, 2097152u, stxxl::lru_pager<8u>, 1u> > > > > >::************> >’
/usr/include/boost/concept/detail/general.hpp:50:8:   required from ‘struct boost::concepts::requirement_<void (*)(boost::SinglePassRangeConcept<const boost::iterator_range<cosmo::{anonymous}::typed_iterator<boost::tuples::tuple<long unsigned int, std::bitset<64ul> >, stxxl::vector_bufreader_iterator<stxxl::vector_bufreader<stxxl::const_vector_iterator<boost::tuples::tuple<long unsigned int, std::bitset<64ul> >, stxxl::RC, long long unsigned int, long long int, 2097152u, stxxl::lru_pager<8u>, 1u> > > > > >)>’
/usr/include/boost/range/algorithm/equal.hpp:174:13:   required from ‘boost::range_detail::transformed_range<UnaryFunction, const SinglePassRange> boost::range_detail::operator|(const SinglePassRange&, const boost::range_detail::transform_holder<UnaryFunction>&) [with SinglePassRange = boost::iterator_range<cosmo::{anonymous}::typed_iterator<boost::tuples::tuple<long unsigned int, std::bitset<64ul> >, stxxl::vector_bufreader_iterator<stxxl::vector_bufreader<stxxl::const_vector_iterator<boost::tuples::tuple<long unsigned int, std::bitset<64ul> >, stxxl::RC, long long unsigned int, long long int, 2097152u, stxxl::lru_pager<8u>, 1u> > > > >; UnaryFunction = cosmo::dbg_builder<t_dbg_t, t_kmer_t, t_payload_t>::build(Visitor1, Visitor2) [with Visitor1 = main(int, char**)::<lambda(auto:11)>; Visitor2 = main(int, char**)::<lambda(auto:12)>; t_dbg_t = debruijn_graph<>; t_kmer_t = long unsigned int; t_payload_t = {std::bitset<64ul>}; cosmo::dbg_builder<t_dbg_t, t_kmer_t, t_payload_t>::dbg_t = debruijn_graph<>]::<lambda(auto:5)>]’
sort.hpp:320:41:   required from ‘cosmo::dbg_builder<t_dbg_t, t_kmer_t, t_payload_t>::dbg_t cosmo::dbg_builder<t_dbg_t, t_kmer_t, t_payload_t>::build(Visitor1, Visitor2) [with Visitor1 = main(int, char**)::<lambda(auto:11)>; Visitor2 = main(int, char**)::<lambda(auto:12)>; t_dbg_t = debruijn_graph<>; t_kmer_t = long unsigned int; t_payload_t = {std::bitset<64ul>}; cosmo::dbg_builder<t_dbg_t, t_kmer_t, t_payload_t>::dbg_t = debruijn_graph<>]’
cosmo-build.cpp:288:6:   required from here
/usr/include/boost/range/concepts.hpp:158:32: error: no matching function for call to ‘cosmo::{anonymous}::typed_iterator<boost::tuples::tuple<long unsigned int, std::bitset<64ul> >, stxxl::vector_bufreader_iterator<stxxl::vector_bufreader<stxxl::const_vector_iterator<boost::tuples::tuple<long unsigned int, std::bitset<64ul> >, stxxl::RC, long long unsigned int, long long int, 2097152u, stxxl::lru_pager<8u>, 1u> > > >::typed_iterator(stxxl::vector_bufreader_iterator<stxxl::vector_bufreader<stxxl::const_vector_iterator<boost::tuples::tuple<long unsigned int, std::bitset<64ul> >, stxxl::RC, long long unsigned int, long long int, 2097152u, stxxl::lru_pager<8u>, 1u> > >&)’
                 Iterator i2(++i);
                                ^
In file included from cosmo-build.cpp:28:0:
sort.hpp:68:8: note: candidate: cosmo::{anonymous}::typed_iterator<boost::tuples::tuple<long unsigned int, std::bitset<64ul> >, stxxl::vector_bufreader_iterator<stxxl::vector_bufreader<stxxl::const_vector_iterator<boost::tuples::tuple<long unsigned int, std::bitset<64ul> >, stxxl::RC, long long unsigned int, long long int, 2097152u, stxxl::lru_pager<8u>, 1u> > > >::typed_iterator(const cosmo::{anonymous}::typed_iterator<boost::tuples::tuple<long unsigned int, std::bitset<64ul> >, stxxl::vector_bufreader_iterator<stxxl::vector_bufreader<stxxl::const_vector_iterator<boost::tuples::tuple<long unsigned int, std::bitset<64ul> >, stxxl::RC, long long unsigned int, long long int, 2097152u, stxxl::lru_pager<8u>, 1u> > > >&)
 struct typed_iterator : iterator {
        ^
sort.hpp:68:8: note:   no known conversion for argument 1 from ‘stxxl::vector_bufreader_iterator<stxxl::vector_bufreader<stxxl::const_vector_iterator<boost::tuples::tuple<long unsigned int, std::bitset<64ul> >, stxxl::RC, long long unsigned int, long long int, 2097152u, stxxl::lru_pager<8u>, 1u> > >’ to ‘const cosmo::{anonymous}::typed_iterator<boost::tuples::tuple<long unsigned int, std::bitset<64ul> >, stxxl::vector_bufreader_iterator<stxxl::vector_bufreader<stxxl::const_vector_iterator<boost::tuples::tuple<long unsigned int, std::bitset<64ul> >, stxxl::RC, long long unsigned int, long long int, 2097152u, stxxl::lru_pager<8u>, 1u> > > >&’
sort.hpp:68:8: note: candidate: cosmo::{anonymous}::typed_iterator<boost::tuples::tuple<long unsigned int, std::bitset<64ul> >, stxxl::vector_bufreader_iterator<stxxl::vector_bufreader<stxxl::const_vector_iterator<boost::tuples::tuple<long unsigned int, std::bitset<64ul> >, stxxl::RC, long long unsigned int, long long int, 2097152u, stxxl::lru_pager<8u>, 1u> > > >::typed_iterator(cosmo::{anonymous}::typed_iterator<boost::tuples::tuple<long unsigned int, std::bitset<64ul> >, stxxl::vector_bufreader_iterator<stxxl::vector_bufreader<stxxl::const_vector_iterator<boost::tuples::tuple<long unsigned int, std::bitset<64ul> >, stxxl::RC, long long unsigned int, long long int, 2097152u, stxxl::lru_pager<8u>, 1u> > > >&&)
sort.hpp:68:8: note:   no known conversion for argument 1 from ‘stxxl::vector_bufreader_iterator<stxxl::vector_bufreader<stxxl::const_vector_iterator<boost::tuples::tuple<long unsigned int, std::bitset<64ul> >, stxxl::RC, long long unsigned int, long long int, 2097152u, stxxl::lru_pager<8u>, 1u> > >’ to ‘cosmo::{anonymous}::typed_iterator<boost::tuples::tuple<long unsigned int, std::bitset<64ul> >, stxxl::vector_bufreader_iterator<stxxl::vector_bufreader<stxxl::const_vector_iterator<boost::tuples::tuple<long unsigned int, std::bitset<64ul> >, stxxl::RC, long long unsigned int, long long int, 2097152u, stxxl::lru_pager<8u>, 1u> > > >&&’
In file included from /usr/include/boost/range/size_type.hpp:20:0,
                 from /usr/include/boost/range/size.hpp:21,
                 from /usr/include/boost/range/functions.hpp:20,
                 from /usr/include/boost/range/iterator_range_core.hpp:38,
                 from /usr/include/boost/algorithm/string/replace.hpp:16,
                 from /usr/include/boost/date_time/date_facet.hpp:17,
                 from /usr/include/boost/date_time/gregorian/gregorian_io.hpp:16,
                 from /usr/include/boost/date_time/gregorian/gregorian.hpp:31,
                 from /usr/include/boost/date_time/posix_time/time_formatters.hpp:12,
                 from /usr/include/boost/date_time/posix_time/posix_time.hpp:24,
                 from cosmo-build.cpp:4:
/usr/include/boost/range/concepts.hpp:165:25: error: no ‘operator++(int)’ declared for postfix ‘++’ [-fpermissive]
                 (void)(i++);
                         ^
/usr/include/boost/range/concepts.hpp:167:97: error: binding ‘const value_type {aka const boost::tuples::tuple<long unsigned int, std::bitset<64ul> >}’ to reference of type ‘std::__iterator_traits<cosmo::{anonymous}::typed_iterator<boost::tuples::tuple<long unsigned int, std::bitset<64ul> >, stxxl::vector_bufreader_iterator<stxxl::vector_bufreader<stxxl::const_vector_iterator<boost::tuples::tuple<long unsigned int, std::bitset<64ul> >, stxxl::RC, long long unsigned int, long long int, 2097152u, stxxl::lru_pager<8u>, 1u> > > >, void>::reference {aka boost::tuples::tuple<long unsigned int, std::bitset<64ul> >&}’ discards qualifiers
                 BOOST_DEDUCED_TYPENAME boost::detail::iterator_traits<Iterator>::reference r1(*i);
                                                                                                 ^
/usr/include/boost/range/concepts.hpp:170:101: error: binding ‘const value_type {aka const boost::tuples::tuple<long unsigned int, std::bitset<64ul> >}’ to reference of type ‘std::__iterator_traits<cosmo::{anonymous}::typed_iterator<boost::tuples::tuple<long unsigned int, std::bitset<64ul> >, stxxl::vector_bufreader_iterator<stxxl::vector_bufreader<stxxl::const_vector_iterator<boost::tuples::tuple<long unsigned int, std::bitset<64ul> >, stxxl::RC, long long unsigned int, long long int, 2097152u, stxxl::lru_pager<8u>, 1u> > > >, void>::reference {aka boost::tuples::tuple<long unsigned int, std::bitset<64ul> >&}’ discards qualifiers
                 BOOST_DEDUCED_TYPENAME boost::detail::iterator_traits<Iterator>::reference r2(*(++i));
                                                                                                     ^
/usr/include/boost/range/concepts.hpp: In instantiation of ‘boost::range_detail::IncrementableIteratorConcept<Iterator>::~IncrementableIteratorConcept() [with Iterator = cosmo::{anonymous}::typed_iterator<boost::tuples::tuple<long unsigned int>, stxxl::vector_bufreader_iterator<stxxl::vector_bufreader<stxxl::const_vector_iterator<boost::tuples::tuple<long unsigned int>, stxxl::RC, long long unsigned int, long long int, 2097152u, stxxl::lru_pager<8u>, 1u> > > >]’:
/usr/include/boost/concept/usage.hpp:16:29:   required from ‘boost::concepts::usage_requirements<Model>::~usage_requirements() [with Model = boost::range_detail::IncrementableIteratorConcept<cosmo::{anonymous}::typed_iterator<boost::tuples::tuple<long unsigned int>, stxxl::vector_bufreader_iterator<stxxl::vector_bufreader<stxxl::const_vector_iterator<boost::tuples::tuple<long unsigned int>, stxxl::RC, long long unsigned int, long long int, 2097152u, stxxl::lru_pager<8u>, 1u> > > > >]’
/usr/include/boost/concept/detail/general.hpp:38:28:   required from ‘static void boost::concepts::requirement<boost::concepts::failed************ Model::************>::failed() [with Model = boost::concepts::usage_requirements<boost::range_detail::IncrementableIteratorConcept<cosmo::{anonymous}::typed_iterator<boost::tuples::tuple<long unsigned int>, stxxl::vector_bufreader_iterator<stxxl::vector_bufreader<stxxl::const_vector_iterator<boost::tuples::tuple<long unsigned int>, stxxl::RC, long long unsigned int, long long int, 2097152u, stxxl::lru_pager<8u>, 1u> > > > > >]’
/usr/include/boost/range/concepts.hpp:134:13:   required from ‘struct boost::range_detail::IncrementableIteratorConcept<cosmo::{anonymous}::typed_iterator<boost::tuples::tuple<long unsigned int>, stxxl::vector_bufreader_iterator<stxxl::vector_bufreader<stxxl::const_vector_iterator<boost::tuples::tuple<long unsigned int>, stxxl::RC, long long unsigned int, long long int, 2097152u, stxxl::lru_pager<8u>, 1u> > > > >’
/usr/include/boost/range/concepts.hpp:145:16:   required from ‘struct boost::range_detail::SinglePassIteratorConcept<cosmo::{anonymous}::typed_iterator<boost::tuples::tuple<long unsigned int>, stxxl::vector_bufreader_iterator<stxxl::vector_bufreader<stxxl::const_vector_iterator<boost::tuples::tuple<long unsigned int>, stxxl::RC, long long unsigned int, long long int, 2097152u, stxxl::lru_pager<8u>, 1u> > > > >’
/usr/include/boost/concept/detail/has_constraints.hpp:32:62:   required by substitution of ‘template<class Model> boost::concepts::detail::yes boost::concepts::detail::has_constraints_(Model*, boost::concepts::detail::wrap_constraints<Model, (& Model:: constraints)>*) [with Model = boost::range_detail::SinglePassIteratorConcept<cosmo::{anonymous}::typed_iterator<boost::tuples::tuple<long unsigned int>, stxxl::vector_bufreader_iterator<stxxl::vector_bufreader<stxxl::const_vector_iterator<boost::tuples::tuple<long unsigned int>, stxxl::RC, long long unsigned int, long long int, 2097152u, stxxl::lru_pager<8u>, 1u> > > > >]’
/usr/include/boost/concept/detail/has_constraints.hpp:42:5:   [ skipping 7 instantiation contexts, use -ftemplate-backtrace-limit=0 to disable ]
/usr/include/boost/concept/detail/has_constraints.hpp:45:31:   required from ‘struct boost::concepts::not_satisfied<boost::SinglePassRangeConcept<const boost::iterator_range<cosmo::{anonymous}::typed_iterator<boost::tuples::tuple<long unsigned int>, stxxl::vector_bufreader_iterator<stxxl::vector_bufreader<stxxl::const_vector_iterator<boost::tuples::tuple<long unsigned int>, stxxl::RC, long long unsigned int, long long int, 2097152u, stxxl::lru_pager<8u>, 1u> > > > > > >’
/usr/include/boost/mpl/if.hpp:67:11:   required from ‘struct boost::mpl::if_<boost::concepts::not_satisfied<boost::SinglePassRangeConcept<const boost::iterator_range<cosmo::{anonymous}::typed_iterator<boost::tuples::tuple<long unsigned int>, stxxl::vector_bufreader_iterator<stxxl::vector_bufreader<stxxl::const_vector_iterator<boost::tuples::tuple<long unsigned int>, stxxl::RC, long long unsigned int, long long int, 2097152u, stxxl::lru_pager<8u>, 1u> > > > > > >, boost::concepts::constraint<boost::SinglePassRangeConcept<const boost::iterator_range<cosmo::{anonymous}::typed_iterator<boost::tuples::tuple<long unsigned int>, stxxl::vector_bufreader_iterator<stxxl::vector_bufreader<stxxl::const_vector_iterator<boost::tuples::tuple<long unsigned int>, stxxl::RC, long long unsigned int, long long int, 2097152u, stxxl::lru_pager<8u>, 1u> > > > > > >, boost::concepts::requirement<boost::concepts::failed************ boost::SinglePassRangeConcept<const boost::iterator_range<cosmo::{anonymous}::typed_iterator<boost::tuples::tuple<long unsigned int>, stxxl::vector_bufreader_iterator<stxxl::vector_bufreader<stxxl::const_vector_iterator<boost::tuples::tuple<long unsigned int>, stxxl::RC, long long unsigned int, long long int, 2097152u, stxxl::lru_pager<8u>, 1u> > > > > >::************> >’
/usr/include/boost/concept/detail/general.hpp:50:8:   required from ‘struct boost::concepts::requirement_<void (*)(boost::SinglePassRangeConcept<const boost::iterator_range<cosmo::{anonymous}::typed_iterator<boost::tuples::tuple<long unsigned int>, stxxl::vector_bufreader_iterator<stxxl::vector_bufreader<stxxl::const_vector_iterator<boost::tuples::tuple<long unsigned int>, stxxl::RC, long long unsigned int, long long int, 2097152u, stxxl::lru_pager<8u>, 1u> > > > > >)>’
/usr/include/boost/range/algorithm/equal.hpp:174:13:   required from ‘boost::range_detail::transformed_range<UnaryFunction, const SinglePassRange> boost::range_detail::operator|(const SinglePassRange&, const boost::range_detail::transform_holder<UnaryFunction>&) [with SinglePassRange = boost::iterator_range<cosmo::{anonymous}::typed_iterator<boost::tuples::tuple<long unsigned int>, stxxl::vector_bufreader_iterator<stxxl::vector_bufreader<stxxl::const_vector_iterator<boost::tuples::tuple<long unsigned int>, stxxl::RC, long long unsigned int, long long int, 2097152u, stxxl::lru_pager<8u>, 1u> > > > >; UnaryFunction = cosmo::dbg_builder<t_dbg_t, t_kmer_t, t_payload_t>::build(Visitor1, Visitor2) [with Visitor1 = main(int, char**)::<lambda(size_t)>; Visitor2 = main(int, char**)::<lambda(auto:8)>; t_dbg_t = debruijn_graph_shifted<>; t_kmer_t = long unsigned int; t_payload_t = {}; cosmo::dbg_builder<t_dbg_t, t_kmer_t, t_payload_t>::dbg_t = debruijn_graph_shifted<>]::<lambda(auto:5)>]’
sort.hpp:320:41:   required from ‘cosmo::dbg_builder<t_dbg_t, t_kmer_t, t_payload_t>::dbg_t cosmo::dbg_builder<t_dbg_t, t_kmer_t, t_payload_t>::build(Visitor1, Visitor2) [with Visitor1 = main(int, char**)::<lambda(size_t)>; Visitor2 = main(int, char**)::<lambda(auto:8)>; t_dbg_t = debruijn_graph_shifted<>; t_kmer_t = long unsigned int; t_payload_t = {}; cosmo::dbg_builder<t_dbg_t, t_kmer_t, t_payload_t>::dbg_t = debruijn_graph_shifted<>]’
cosmo-build.cpp:196:10:   required from here
/usr/include/boost/range/concepts.hpp:137:24: error: no ‘operator++(int)’ declared for postfix ‘++’ [-fpermissive]
                 (void)i++;
                        ^
/usr/include/boost/range/concepts.hpp: In instantiation of ‘boost::range_detail::IncrementableIteratorConcept<Iterator>::~IncrementableIteratorConcept() [with Iterator = cosmo::{anonymous}::typed_iterator<boost::tuples::tuple<long unsigned int, std::bitset<64ul> >, stxxl::vector_bufreader_iterator<stxxl::vector_bufreader<stxxl::const_vector_iterator<boost::tuples::tuple<long unsigned int, std::bitset<64ul> >, stxxl::RC, long long unsigned int, long long int, 2097152u, stxxl::lru_pager<8u>, 1u> > > >]’:
/usr/include/boost/concept/usage.hpp:16:29:   required from ‘boost::concepts::usage_requirements<Model>::~usage_requirements() [with Model = boost::range_detail::IncrementableIteratorConcept<cosmo::{anonymous}::typed_iterator<boost::tuples::tuple<long unsigned int, std::bitset<64ul> >, stxxl::vector_bufreader_iterator<stxxl::vector_bufreader<stxxl::const_vector_iterator<boost::tuples::tuple<long unsigned int, std::bitset<64ul> >, stxxl::RC, long long unsigned int, long long int, 2097152u, stxxl::lru_pager<8u>, 1u> > > > >]’
/usr/include/boost/concept/detail/general.hpp:38:28:   required from ‘static void boost::concepts::requirement<boost::concepts::failed************ Model::************>::failed() [with Model = boost::concepts::usage_requirements<boost::range_detail::IncrementableIteratorConcept<cosmo::{anonymous}::typed_iterator<boost::tuples::tuple<long unsigned int, std::bitset<64ul> >, stxxl::vector_bufreader_iterator<stxxl::vector_bufreader<stxxl::const_vector_iterator<boost::tuples::tuple<long unsigned int, std::bitset<64ul> >, stxxl::RC, long long unsigned int, long long int, 2097152u, stxxl::lru_pager<8u>, 1u> > > > > >]’
/usr/include/boost/range/concepts.hpp:134:13:   required from ‘struct boost::range_detail::IncrementableIteratorConcept<cosmo::{anonymous}::typed_iterator<boost::tuples::tuple<long unsigned int, std::bitset<64ul> >, stxxl::vector_bufreader_iterator<stxxl::vector_bufreader<stxxl::const_vector_iterator<boost::tuples::tuple<long unsigned int, std::bitset<64ul> >, stxxl::RC, long long unsigned int, long long int, 2097152u, stxxl::lru_pager<8u>, 1u> > > > >’
/usr/include/boost/range/concepts.hpp:145:16:   required from ‘struct boost::range_detail::SinglePassIteratorConcept<cosmo::{anonymous}::typed_iterator<boost::tuples::tuple<long unsigned int, std::bitset<64ul> >, stxxl::vector_bufreader_iterator<stxxl::vector_bufreader<stxxl::const_vector_iterator<boost::tuples::tuple<long unsigned int, std::bitset<64ul> >, stxxl::RC, long long unsigned int, long long int, 2097152u, stxxl::lru_pager<8u>, 1u> > > > >’
/usr/include/boost/concept/detail/has_constraints.hpp:32:62:   required by substitution of ‘template<class Model> boost::concepts::detail::yes boost::concepts::detail::has_constraints_(Model*, boost::concepts::detail::wrap_constraints<Model, (& Model:: constraints)>*) [with Model = boost::range_detail::SinglePassIteratorConcept<cosmo::{anonymous}::typed_iterator<boost::tuples::tuple<long unsigned int, std::bitset<64ul> >, stxxl::vector_bufreader_iterator<stxxl::vector_bufreader<stxxl::const_vector_iterator<boost::tuples::tuple<long unsigned int, std::bitset<64ul> >, stxxl::RC, long long unsigned int, long long int, 2097152u, stxxl::lru_pager<8u>, 1u> > > > >]’
/usr/include/boost/concept/detail/has_constraints.hpp:42:5:   [ skipping 7 instantiation contexts, use -ftemplate-backtrace-limit=0 to disable ]
/usr/include/boost/concept/detail/has_constraints.hpp:45:31:   required from ‘struct boost::concepts::not_satisfied<boost::SinglePassRangeConcept<const boost::iterator_range<cosmo::{anonymous}::typed_iterator<boost::tuples::tuple<long unsigned int, std::bitset<64ul> >, stxxl::vector_bufreader_iterator<stxxl::vector_bufreader<stxxl::const_vector_iterator<boost::tuples::tuple<long unsigned int, std::bitset<64ul> >, stxxl::RC, long long unsigned int, long long int, 2097152u, stxxl::lru_pager<8u>, 1u> > > > > > >’
/usr/include/boost/mpl/if.hpp:67:11:   required from ‘struct boost::mpl::if_<boost::concepts::not_satisfied<boost::SinglePassRangeConcept<const boost::iterator_range<cosmo::{anonymous}::typed_iterator<boost::tuples::tuple<long unsigned int, std::bitset<64ul> >, stxxl::vector_bufreader_iterator<stxxl::vector_bufreader<stxxl::const_vector_iterator<boost::tuples::tuple<long unsigned int, std::bitset<64ul> >, stxxl::RC, long long unsigned int, long long int, 2097152u, stxxl::lru_pager<8u>, 1u> > > > > > >, boost::concepts::constraint<boost::SinglePassRangeConcept<const boost::iterator_range<cosmo::{anonymous}::typed_iterator<boost::tuples::tuple<long unsigned int, std::bitset<64ul> >, stxxl::vector_bufreader_iterator<stxxl::vector_bufreader<stxxl::const_vector_iterator<boost::tuples::tuple<long unsigned int, std::bitset<64ul> >, stxxl::RC, long long unsigned int, long long int, 2097152u, stxxl::lru_pager<8u>, 1u> > > > > > >, boost::concepts::requirement<boost::concepts::failed************ boost::SinglePassRangeConcept<const boost::iterator_range<cosmo::{anonymous}::typed_iterator<boost::tuples::tuple<long unsigned int, std::bitset<64ul> >, stxxl::vector_bufreader_iterator<stxxl::vector_bufreader<stxxl::const_vector_iterator<boost::tuples::tuple<long unsigned int, std::bitset<64ul> >, stxxl::RC, long long unsigned int, long long int, 2097152u, stxxl::lru_pager<8u>, 1u> > > > > >::************> >’
/usr/include/boost/concept/detail/general.hpp:50:8:   required from ‘struct boost::concepts::requirement_<void (*)(boost::SinglePassRangeConcept<const boost::iterator_range<cosmo::{anonymous}::typed_iterator<boost::tuples::tuple<long unsigned int, std::bitset<64ul> >, stxxl::vector_bufreader_iterator<stxxl::vector_bufreader<stxxl::const_vector_iterator<boost::tuples::tuple<long unsigned int, std::bitset<64ul> >, stxxl::RC, long long unsigned int, long long int, 2097152u, stxxl::lru_pager<8u>, 1u> > > > > >)>’
/usr/include/boost/range/algorithm/equal.hpp:174:13:   required from ‘boost::range_detail::transformed_range<UnaryFunction, const SinglePassRange> boost::range_detail::operator|(const SinglePassRange&, const boost::range_detail::transform_holder<UnaryFunction>&) [with SinglePassRange = boost::iterator_range<cosmo::{anonymous}::typed_iterator<boost::tuples::tuple<long unsigned int, std::bitset<64ul> >, stxxl::vector_bufreader_iterator<stxxl::vector_bufreader<stxxl::const_vector_iterator<boost::tuples::tuple<long unsigned int, std::bitset<64ul> >, stxxl::RC, long long unsigned int, long long int, 2097152u, stxxl::lru_pager<8u>, 1u> > > > >; UnaryFunction = cosmo::dbg_builder<t_dbg_t, t_kmer_t, t_payload_t>::build(Visitor1, Visitor2) [with Visitor1 = main(int, char**)::<lambda(auto:11)>; Visitor2 = main(int, char**)::<lambda(auto:12)>; t_dbg_t = debruijn_graph<>; t_kmer_t = long unsigned int; t_payload_t = {std::bitset<64ul>}; cosmo::dbg_builder<t_dbg_t, t_kmer_t, t_payload_t>::dbg_t = debruijn_graph<>]::<lambda(auto:5)>]’
sort.hpp:320:41:   required from ‘cosmo::dbg_builder<t_dbg_t, t_kmer_t, t_payload_t>::dbg_t cosmo::dbg_builder<t_dbg_t, t_kmer_t, t_payload_t>::build(Visitor1, Visitor2) [with Visitor1 = main(int, char**)::<lambda(auto:11)>; Visitor2 = main(int, char**)::<lambda(auto:12)>; t_dbg_t = debruijn_graph<>; t_kmer_t = long unsigned int; t_payload_t = {std::bitset<64ul>}; cosmo::dbg_builder<t_dbg_t, t_kmer_t, t_payload_t>::dbg_t = debruijn_graph<>]’
cosmo-build.cpp:288:6:   required from here
/usr/include/boost/range/concepts.hpp:137:24: error: no ‘operator++(int)’ declared for postfix ‘++’ [-fpermissive]
In file included from /usr/include/boost/range/adaptor/transformed.hpp:15:0,
                 from dummies.hpp:9,
                 from io.hpp:22,
                 from cosmo-build.cpp:27:
/usr/include/boost/range/detail/default_constructible_unary_fn.hpp: In instantiation of ‘R boost::range_detail::default_constructible_unary_fn_wrapper<F, R>::operator()(const Arg&) const [with Arg = long unsigned int; F = uniq<long unsigned int>; R = bool]’:
/usr/include/boost/iterator/filter_iterator.hpp:101:49:   required from ‘void boost::iterators::filter_iterator<Predicate, Iterator>::satisfy_predicate() [with Predicate = boost::range_detail::default_constructible_unary_fn_wrapper<uniq<long unsigned int>, bool>; Iterator = boost::iterators::transform_iterator<boost::range_detail::default_constructible_unary_fn_wrapper<std::function<long unsigned int(long unsigned int)>, long unsigned int>, boost::iterators::transform_iterator<boost::range_detail::default_constructible_unary_fn_wrapper<cosmo::dbg_builder<t_dbg_t, t_kmer_t, t_payload_t>::build(Visitor1, Visitor2) [with Visitor1 = main(int, char**)::<lambda(size_t)>; Visitor2 = main(int, char**)::<lambda(auto:8)>; t_dbg_t = debruijn_graph_shifted<>; t_kmer_t = long unsigned int; t_payload_t = {}; cosmo::dbg_builder<t_dbg_t, t_kmer_t, t_payload_t>::dbg_t = debruijn_graph_shifted<>]::<lambda(auto:5)>, long unsigned int>, cosmo::{anonymous}::typed_iterator<boost::tuples::tuple<long unsigned int>, stxxl::vector_bufreader_iterator<stxxl::vector_bufreader<stxxl::const_vector_iterator<boost::tuples::tuple<long unsigned int>, stxxl::RC, long long unsigned int, long long int, 2097152u, stxxl::lru_pager<8u>, 1u> > > >, boost::iterators::use_default, boost::iterators::use_default>, boost::iterators::use_default, boost::iterators::use_default>]’
/usr/include/boost/iterator/filter_iterator.hpp:60:28:   required from ‘boost::iterators::filter_iterator<Predicate, Iterator>::filter_iterator(Predicate, Iterator, Iterator) [with Predicate = boost::range_detail::default_constructible_unary_fn_wrapper<uniq<long unsigned int>, bool>; Iterator = boost::iterators::transform_iterator<boost::range_detail::default_constructible_unary_fn_wrapper<std::function<long unsigned int(long unsigned int)>, long unsigned int>, boost::iterators::transform_iterator<boost::range_detail::default_constructible_unary_fn_wrapper<cosmo::dbg_builder<t_dbg_t, t_kmer_t, t_payload_t>::build(Visitor1, Visitor2) [with Visitor1 = main(int, char**)::<lambda(size_t)>; Visitor2 = main(int, char**)::<lambda(auto:8)>; t_dbg_t = debruijn_graph_shifted<>; t_kmer_t = long unsigned int; t_payload_t = {}; cosmo::dbg_builder<t_dbg_t, t_kmer_t, t_payload_t>::dbg_t = debruijn_graph_shifted<>]::<lambda(auto:5)>, long unsigned int>, cosmo::{anonymous}::typed_iterator<boost::tuples::tuple<long unsigned int>, stxxl::vector_bufreader_iterator<stxxl::vector_bufreader<stxxl::const_vector_iterator<boost::tuples::tuple<long unsigned int>, stxxl::RC, long long unsigned int, long long int, 2097152u, stxxl::lru_pager<8u>, 1u> > > >, boost::iterators::use_default, boost::iterators::use_default>, boost::iterators::use_default, boost::iterators::use_default>]’
/usr/include/boost/iterator/filter_iterator.hpp:115:57:   required from ‘boost::iterators::filter_iterator<Predicate, Iterator> boost::iterators::make_filter_iterator(Predicate, Iterator, Iterator) [with Predicate = boost::range_detail::default_constructible_unary_fn_wrapper<uniq<long unsigned int>, bool>; Iterator = boost::iterators::transform_iterator<boost::range_detail::default_constructible_unary_fn_wrapper<std::function<long unsigned int(long unsigned int)>, long unsigned int>, boost::iterators::transform_iterator<boost::range_detail::default_constructible_unary_fn_wrapper<cosmo::dbg_builder<t_dbg_t, t_kmer_t, t_payload_t>::build(Visitor1, Visitor2) [with Visitor1 = main(int, char**)::<lambda(size_t)>; Visitor2 = main(int, char**)::<lambda(auto:8)>; t_dbg_t = debruijn_graph_shifted<>; t_kmer_t = long unsigned int; t_payload_t = {}; cosmo::dbg_builder<t_dbg_t, t_kmer_t, t_payload_t>::dbg_t = debruijn_graph_shifted<>]::<lambda(auto:5)>, long unsigned int>, cosmo::{anonymous}::typed_iterator<boost::tuples::tuple<long unsigned int>, stxxl::vector_bufreader_iterator<stxxl::vector_bufreader<stxxl::const_vector_iterator<boost::tuples::tuple<long unsigned int>, stxxl::RC, long long unsigned int, long long int, 2097152u, stxxl::lru_pager<8u>, 1u> > > >, boost::iterators::use_default, boost::iterators::use_default>, boost::iterators::use_default, boost::iterators::use_default>]’
/usr/include/boost/range/adaptor/filtered.hpp:45:40:   required from ‘boost::range_detail::filtered_range<P, R>::filtered_range(P, R&) [with P = uniq<long unsigned int>; R = const boost::range_detail::transformed_range<std::function<long unsigned int(long unsigned int)>, const boost::range_detail::transformed_range<cosmo::dbg_builder<t_dbg_t, t_kmer_t, t_payload_t>::build(Visitor1, Visitor2) [with Visitor1 = main(int, char**)::<lambda(size_t)>; Visitor2 = main(int, char**)::<lambda(auto:8)>; t_dbg_t = debruijn_graph_shifted<>; t_kmer_t = long unsigned int; t_payload_t = {}; cosmo::dbg_builder<t_dbg_t, t_kmer_t, t_payload_t>::dbg_t = debruijn_graph_shifted<>]::<lambda(auto:5)>, const boost::iterator_range<cosmo::{anonymous}::typed_iterator<boost::tuples::tuple<long unsigned int>, stxxl::vector_bufreader_iterator<stxxl::vector_bufreader<stxxl::const_vector_iterator<boost::tuples::tuple<long unsigned int>, stxxl::RC, long long unsigned int, long long int, 2097152u, stxxl::lru_pager<8u>, 1u> > > > > > >]’
/usr/include/boost/range/adaptor/filtered.hpp:75:76:   required from ‘boost::range_detail::filtered_range<Predicate, const ForwardRange> boost::range_detail::operator|(const ForwardRange&, const boost::range_detail::filter_holder<Predicate>&) [with ForwardRange = boost::range_detail::transformed_range<std::function<long unsigned int(long unsigned int)>, const boost::range_detail::transformed_range<cosmo::dbg_builder<t_dbg_t, t_kmer_t, t_payload_t>::build(Visitor1, Visitor2) [with Visitor1 = main(int, char**)::<lambda(size_t)>; Visitor2 = main(int, char**)::<lambda(auto:8)>; t_dbg_t = debruijn_graph_shifted<>; t_kmer_t = long unsigned int; t_payload_t = {}; cosmo::dbg_builder<t_dbg_t, t_kmer_t, t_payload_t>::dbg_t = debruijn_graph_shifted<>]::<lambda(auto:5)>, const boost::iterator_range<cosmo::{anonymous}::typed_iterator<boost::tuples::tuple<long unsigned int>, stxxl::vector_bufreader_iterator<stxxl::vector_bufreader<stxxl::const_vector_iterator<boost::tuples::tuple<long unsigned int>, stxxl::RC, long long unsigned int, long long int, 2097152u, stxxl::lru_pager<8u>, 1u> > > > > > >; Predicate = uniq<long unsigned int>]’
dummies.hpp:80:41:   required from ‘void find_outgoing_dummy_nodes(InputRange1, InputRange2, uint32_t, Func) [with kmer_t = long unsigned int; InputRange1 = boost::range_detail::transformed_range<cosmo::dbg_builder<t_dbg_t, t_kmer_t, t_payload_t>::build(Visitor1, Visitor2) [with Visitor1 = main(int, char**)::<lambda(size_t)>; Visitor2 = main(int, char**)::<lambda(auto:8)>; t_dbg_t = debruijn_graph_shifted<>; t_kmer_t = long unsigned int; t_payload_t = {}; cosmo::dbg_builder<t_dbg_t, t_kmer_t, t_payload_t>::dbg_t = debruijn_graph_shifted<>]::<lambda(auto:5)>, const boost::iterator_range<cosmo::{anonymous}::typed_iterator<boost::tuples::tuple<long unsigned int>, stxxl::vector_bufreader_iterator<stxxl::vector_bufreader<stxxl::const_vector_iterator<boost::tuples::tuple<long unsigned int>, stxxl::RC, long long unsigned int, long long int, 2097152u, stxxl::lru_pager<8u>, 1u> > > > > >; InputRange2 = boost::iterator_range<cosmo::{anonymous}::typed_iterator<long unsigned int, stxxl::vector_bufreader_iterator<stxxl::vector_bufreader<stxxl::const_vector_iterator<long unsigned int, stxxl::RC, long long unsigned int, long long int, 2097152u, stxxl::lru_pager<8u>, 1u> > > > >; Func = cosmo::dbg_builder<t_dbg_t, t_kmer_t, t_payload_t>::build(Visitor1, Visitor2) [with Visitor1 = main(int, char**)::<lambda(size_t)>; Visitor2 = main(int, char**)::<lambda(auto:8)>; t_dbg_t = debruijn_graph_shifted<>; t_kmer_t = long unsigned int; t_payload_t = {}; cosmo::dbg_builder<t_dbg_t, t_kmer_t, t_payload_t>::dbg_t = debruijn_graph_shifted<>]::<lambda(cosmo::dbg_builder<debruijn_graph_shifted<>, long unsigned int>::kmer_t)>; uint32_t = unsigned int]’
sort.hpp:343:42:   required from ‘cosmo::dbg_builder<t_dbg_t, t_kmer_t, t_payload_t>::dbg_t cosmo::dbg_builder<t_dbg_t, t_kmer_t, t_payload_t>::build(Visitor1, Visitor2) [with Visitor1 = main(int, char**)::<lambda(size_t)>; Visitor2 = main(int, char**)::<lambda(auto:8)>; t_dbg_t = debruijn_graph_shifted<>; t_kmer_t = long unsigned int; t_payload_t = {}; cosmo::dbg_builder<t_dbg_t, t_kmer_t, t_payload_t>::dbg_t = debruijn_graph_shifted<>]’
cosmo-build.cpp:196:10:   required from here
/usr/include/boost/range/detail/default_constructible_unary_fn.hpp:39:25: error: no match for call to ‘(const uniq<long unsigned int>) (const long unsigned int&)’
         return (*m_impl)(arg);
                         ^
In file included from io.hpp:22:0,
                 from cosmo-build.cpp:27:
dummies.hpp:37:8: note: candidate: bool uniq<kmer_t>::operator()(kmer_t) [with kmer_t = long unsigned int] <near match>
   bool operator()( kmer_t x ) {
        ^
dummies.hpp:37:8: note:   passing ‘const uniq<long unsigned int>*’ as ‘this’ argument discards qualifiers
Makefile:68: recipe for target 'cosmo-build' failed
make: *** [cosmo-build] Error 1
